{
testFunction(input: string, output: Array<unknown>): number;
anotherTestFunction(): boolean;
}